Last login: Wed Aug 20 16:03:45 on ttys000
andresbarbudo@Andress-MacBook-Air 05 - 20 August % sudo zsh
Password:
root@Andress-MacBook-Air 05 - 20 August # ls
01_fix_FLINT_linking.zsh
root@Andress-MacBook-Air 05 - 20 August # chmod u+x ./01_fix_FLINT_linking.zsh
root@Andress-MacBook-Air 05 - 20 August # zsh ./01_fix_FLINT_linking.zsh  
[INFO] Starting FLINT installation and compilation fix...
[INFO] Checking system prerequisites...
[SUCCESS] Homebrew is already installed
[INFO] Installing FLINT and dependencies via Homebrew...
Error: Running Homebrew as root is extremely dangerous and no longer supported.
As Homebrew does not drop privileges on installation you would be giving all
build scripts full access to your system.
root@Andress-MacBook-Air 05 - 20 August # exit
andresbarbudo@Andress-MacBook-Air 05 - 20 August % ls
01_fix_FLINT_linking.zsh
andresbarbudo@Andress-MacBook-Air 05 - 20 August % chmod u+x ./01_fix_FLINT_linking.zsh
andresbarbudo@Andress-MacBook-Air 05 - 20 August % zsh ./01_fix_FLINT_linking.zsh  
[INFO] Starting FLINT installation and compilation fix...
[INFO] Checking system prerequisites...
[SUCCESS] Homebrew is already installed
[INFO] Installing FLINT and dependencies via Homebrew...
==> Updating Homebrew...
Updated 2 taps (homebrew/core and homebrew/cask).
==> New Formulae
libdatrie: Double-Array Trie Library
==> New Casks
font-suit
vrampro: Control VRAM allocation of unified memory
==> Outdated Formulae
ca-certificates    glib               imath              libpng             pixman             theora             zimg
ffmpeg             gnutls             jpeg-xl            mpg123             python@3.13        unbound
fzf                harfbuzz           libffi             openexr            sqlite             webp
gettext            highway            libmicrohttpd      openssl@3          svt-av1            zeromq

You have 25 outdated formulae installed.
You can upgrade them with brew upgrade
or list them with brew outdated.
[SUCCESS] FLINT, GMP, and MPFR installed via Homebrew
[INFO] Setting up compilation paths...
[SUCCESS] Found FLINT at: /opt/homebrew/include
[INFO] Creating test program...
[INFO] Attempting compilation with multiple approaches...
[INFO] Trying compilation with direct paths...
[INFO] Trying compilation with Homebrew prefix method...
[WARNING] All standard approaches failed. Attempting to build FLINT from source...
autoreconf: export WARNINGS=all
autoreconf: Entering directory '.'
autoreconf: configure.ac: not using Gettext
autoreconf: running: aclocal 
autoreconf: configure.ac: tracing
autoreconf: running: glibtoolize --copy
glibtoolize: putting auxiliary files in AC_CONFIG_AUX_DIR, 'config'.
glibtoolize: copying file 'config/ltmain.sh'
glibtoolize: Consider adding 'AC_CONFIG_MACRO_DIRS([m4])' to configure.ac,
glibtoolize: and rerunning glibtoolize and aclocal.
glibtoolize: Consider adding '-I m4' to ACLOCAL_AMFLAGS in Makefile.am.
autoreconf: configure.ac: not using Intltool
autoreconf: configure.ac: not using Gtkdoc
autoreconf: running: aclocal 
autoreconf: running: /opt/homebrew/Cellar/autoconf/2.72/bin/autoconf
autoreconf: running: /opt/homebrew/Cellar/autoconf/2.72/bin/autoheader
autoreconf: configure.ac: not using Automake
autoreconf: 'config/install-sh' is created
autoreconf: Leaving directory '.'
checking build system type... applem2-apple-darwin24.5.0
checking host system type... applem2-apple-darwin24.5.0
checking how to print strings... printf
checking for gcc... gcc
checking whether the C compiler works... yes
checking for C compiler default output file name... a.out
checking for suffix of executables... 
checking whether we are cross compiling... no
checking for suffix of object files... o
checking whether the compiler supports GNU C... yes
checking whether gcc accepts -g... yes
checking for gcc option to enable C11 features... none needed
checking for a sed that does not truncate output... /usr/bin/sed
checking for grep that handles long lines and -e... /usr/bin/grep
checking for egrep... /usr/bin/grep -E
checking for fgrep... /usr/bin/grep -F
checking for ld used by gcc... /Library/Developer/CommandLineTools/usr/bin/ld
checking if the linker (/Library/Developer/CommandLineTools/usr/bin/ld) is GNU ld... no
checking for BSD- or MS-compatible name lister (nm)... /usr/bin/nm -B
checking the name lister (/usr/bin/nm -B) interface... BSD nm
checking whether ln -s works... yes
checking the maximum length of command line arguments... 786432
checking how to convert applem2-apple-darwin24.5.0 file names to applem2-apple-darwin24.5.0 format... func_convert_file_noop
checking how to convert applem2-apple-darwin24.5.0 file names to toolchain format... func_convert_file_noop
checking for /Library/Developer/CommandLineTools/usr/bin/ld option to reload object files... -r
checking for file... file
checking for objdump... objdump
checking how to recognize dependent libraries... pass_all
checking for dlltool... no
checking how to associate runtime and link libraries... printf %s\n
checking for ranlib... ranlib
checking for ar... ar
checking for archiver @FILE support... no
checking for strip... strip
checking for gawk... no
checking for mawk... no
checking for nawk... no
checking for awk... awk
checking command to parse /usr/bin/nm -B output from gcc object... ok
checking for sysroot... no
checking for a working dd... /bin/dd
checking how to truncate binary pipes... /bin/dd bs=4096 count=1
checking for mt... no
checking if : is a manifest tool... no
checking for dsymutil... dsymutil
checking for nmedit... nmedit
checking for lipo... lipo
checking for otool... otool
checking for otool64... no
checking for -single_module linker flag... ld: warning: -single_module is obsolete
no
checking for -no_fixup_chains linker flag... yes
checking for -exported_symbols_list linker flag... yes
checking for -force_load linker flag... yes
checking for stdio.h... yes
checking for stdlib.h... yes
checking for string.h... yes
checking for inttypes.h... yes
checking for stdint.h... yes
checking for strings.h... yes
checking for sys/stat.h... yes
checking for sys/types.h... yes
checking for unistd.h... yes
checking for dlfcn.h... yes
checking for objdir... .libs
checking if gcc supports -fno-rtti -fno-exceptions... yes
checking for gcc option to produce PIC... -fno-common -DPIC
checking if gcc PIC flag -fno-common -DPIC works... yes
checking if gcc static flag -static works... no
checking if gcc supports -c -o file.o... yes
checking if gcc supports -c -o file.o... (cached) yes
checking whether the gcc linker (/Library/Developer/CommandLineTools/usr/bin/ld) supports shared libraries... yes
checking dynamic linker characteristics... darwin24.5.0 dyld
checking how to hardcode library paths into programs... immediate
checking whether stripping libraries is possible... yes
checking if libtool supports shared libraries... yes
checking whether to build shared libraries... yes
checking whether to build static libraries... no
checking for a race-free mkdir -p... mkdir -p
checking how to run the C preprocessor... gcc -E
checking if compiler is GCC... no
checking if compiler is Clang... yes
checking for inline... inline
checking whether byte ordering is bigendian... no
checking if memory is strongly-ordered... unsure
checking for gmp.h... no
configure: error: Could not find gmp.h
[ERROR] === ALL APPROACHES FAILED ===

[INFO] Manual troubleshooting steps:
1. Verify your macOS version and architecture: 15.5 arm64
2. Check if Apple Silicon Rosetta is needed: softwareupdate --install-rosetta
3. Manually install dependencies: brew install gmp mpfr
4. Check library paths: ls -la /opt/homebrew/lib/*flint*
5. Verify compiler: which gcc && gcc --version

[ERROR] You may need to install FLINT manually or check for architecture compatibility issues.
[INFO] Cleaning up temporary files...
[INFO] Script completed.
andresbarbudo@Andress-MacBook-Air 05 - 20 August % 
